# Generated by Fabric8 CRDGenerator, manual edits might get overwritten!
apiVersion: "apiextensions.k8s.io/v1"
kind: "CustomResourceDefinition"
metadata:
  name: "webhookconversions.samples.fabric8.io"
spec:
  conversion:
    strategy: "Webhook"
    webhook:
      clientConfig:
        service:
          name: "conversion-webhook"
          namespace: "my-namespace"
      conversionReviewVersions:
      - "v2"
      - "v1"
  group: "samples.fabric8.io"
  names:
    kind: "WebhookConversion"
    plural: "webhookconversions"
    singular: "webhookconversion"
  scope: "Cluster"
  versions:
  - name: "v2"
    schema:
      openAPIV3Schema:
        properties:
          spec:
            properties:
              v2:
                type: "string"
            type: "object"
          status:
            type: "object"
        type: "object"
    served: true
    storage: true
  - name: "v1"
    schema:
      openAPIV3Schema:
        properties:
          spec:
            properties:
              v1:
                type: "string"
            type: "object"
          status:
            type: "object"
        type: "object"
    served: true
    storage: false
    subresources:
      status: {}
