# Generated by Fabric8 CRDGenerator, manual edits might get overwritten!
apiVersion: "apiextensions.k8s.io/v1"
kind: "CustomResourceDefinition"
metadata:
  name: "selectablefields.samples.fabric8.io"
spec:
  group: "samples.fabric8.io"
  names:
    kind: "SelectableField"
    plural: "selectablefields"
    singular: "selectablefield"
  scope: "Cluster"
  versions:
  - name: "v1alpha1"
    schema:
      openAPIV3Schema:
        properties:
          spec:
            properties:
              deepLevel1:
                properties:
                  deepLevel2:
                    properties:
                      fromLevel2:
                        type: "boolean"
                    type: "object"
                  fromLevel1:
                    type: "integer"
                  name:
                    type: "string"
                type: "object"
              id:
                type: "string"
            type: "object"
          status:
            type: "object"
        type: "object"
    selectableFields:
    - jsonPath: ".spec.deepLevel1.deepLevel2.fromLevel2"
    - jsonPath: ".spec.deepLevel1.fromLevel1"
    - jsonPath: ".spec.deepLevel1.name"
    - jsonPath: ".spec.id"
    served: true
    storage: true
    subresources:
      status: {}
