{
  "properties" : {
    "spec" : {
      "properties" : {
        "onDouble" : {
          "properties" : {
            "mustBeGreaterThanOne" : {
              "minimum" : 1.0,
              "type" : "number"
            },
            "mustBeGreaterThanOneAndLessThanThree" : {
              "maximum" : 3.0,
              "minimum" : 1.0,
              "type" : "number"
            },
            "mustBeLessThanOne" : {
              "maximum" : 1.0,
              "type" : "number"
            }
          },
          "type" : "object"
        },
        "onDoublePrim" : {
          "properties" : {
            "mustBeGreaterThanOne" : {
              "minimum" : 1.0,
              "type" : "number"
            },
            "mustBeGreaterThanOneAndLessThanThree" : {
              "maximum" : 3.0,
              "minimum" : 1.0,
              "type" : "number"
            },
            "mustBeLessThanOne" : {
              "maximum" : 1.0,
              "type" : "number"
            }
          },
          "type" : "object"
        },
        "onFloat" : {
          "properties" : {
            "mustBeGreaterThanOne" : {
              "minimum" : 1.0,
              "type" : "number"
            },
            "mustBeGreaterThanOneAndLessThanThree" : {
              "maximum" : 3.0,
              "minimum" : 1.0,
              "type" : "number"
            },
            "mustBeLessThanOne" : {
              "maximum" : 1.0,
              "type" : "number"
            }
          },
          "type" : "object"
        },
        "onFloatPrim" : {
          "properties" : {
            "mustBeGreaterThanOne" : {
              "minimum" : 1.0,
              "type" : "number"
            },
            "mustBeGreaterThanOneAndLessThanThree" : {
              "maximum" : 3.0,
              "minimum" : 1.0,
              "type" : "number"
            },
            "mustBeLessThanOne" : {
              "maximum" : 1.0,
              "type" : "number"
            }
          },
          "type" : "object"
        },
        "onInteger" : {
          "properties" : {
            "inListMustBeGreaterThanOne" : {
              "items" : {
                "minimum" : 1.0,
                "type" : "integer"
              },
              "type" : "array"
            },
            "inListMustBeGreaterThanOneAndLessThanThree" : {
              "items" : {
                "maximum" : 3.0,
                "minimum" : 1.0,
                "type" : "integer"
              },
              "type" : "array"
            },
            "inListMustBeLessThanThree" : {
              "items" : {
                "maximum" : 3.0,
                "type" : "integer"
              },
              "type" : "array"
            },
            "inMapMustBeGreaterThanOne" : {
              "additionalProperties" : {
                "minimum" : 1.0,
                "type" : "integer"
              },
              "type" : "object"
            },
            "inMapMustBeGreaterThanOneAndLessThanThree" : {
              "additionalProperties" : {
                "maximum" : 3.0,
                "minimum" : 1.0,
                "type" : "integer"
              },
              "type" : "object"
            },
            "inMapMustBeLessThanThree" : {
              "additionalProperties" : {
                "maximum" : 3.0,
                "type" : "integer"
              },
              "type" : "object"
            },
            "mustBeGreaterThanOne" : {
              "minimum" : 1.0,
              "type" : "integer"
            },
            "mustBeGreaterThanOneAndLessThanThree" : {
              "maximum" : 3.0,
              "minimum" : 1.0,
              "type" : "integer"
            },
            "mustBeLessThanOne" : {
              "maximum" : 1.0,
              "type" : "integer"
            }
          },
          "type" : "object"
        },
        "onIntegerPrim" : {
          "properties" : {
            "mustBeGreaterThanOne" : {
              "minimum" : 1.0,
              "type" : "integer"
            },
            "mustBeGreaterThanOneAndLessThanThree" : {
              "maximum" : 3.0,
              "minimum" : 1.0,
              "type" : "integer"
            },
            "mustBeLessThanOne" : {
              "maximum" : 1.0,
              "type" : "integer"
            }
          },
          "type" : "object"
        },
        "onLong" : {
          "properties" : {
            "mustBeGreaterThanOne" : {
              "minimum" : 1.0,
              "type" : "integer"
            },
            "mustBeGreaterThanOneAndLessThanThree" : {
              "maximum" : 3.0,
              "minimum" : 1.0,
              "type" : "integer"
            },
            "mustBeLessThanOne" : {
              "maximum" : 1.0,
              "type" : "integer"
            }
          },
          "type" : "object"
        },
        "onLongPrim" : {
          "properties" : {
            "mustBeGreaterThanOne" : {
              "minimum" : 1.0,
              "type" : "integer"
            },
            "mustBeGreaterThanOneAndLessThanThree" : {
              "maximum" : 3.0,
              "minimum" : 1.0,
              "type" : "integer"
            },
            "mustBeLessThanOne" : {
              "maximum" : 1.0,
              "type" : "integer"
            }
          },
          "type" : "object"
        },
        "onString" : {
          "properties" : {
            "inListMustBeGreaterThanOne" : {
              "items" : {
                "minLength" : 1,
                "type" : "string"
              },
              "type" : "array"
            },
            "inListMustBeGreaterThanOneAndLessThanThree" : {
              "items" : {
                "maxLength" : 3,
                "minLength" : 1,
                "type" : "string"
              },
              "type" : "array"
            },
            "inListMustBeLessThanThree" : {
              "items" : {
                "maxLength" : 3,
                "type" : "string"
              },
              "type" : "array"
            },
            "inListMustComplyPattern" : {
              "items" : {
                "pattern" : "(a|b)+",
                "type" : "string"
              },
              "type" : "array"
            },
            "inMapMustBeGreaterThanOne" : {
              "additionalProperties" : {
                "minLength" : 1,
                "type" : "string"
              },
              "type" : "object"
            },
            "inMapMustBeGreaterThanOneAndLessThanThree" : {
              "additionalProperties" : {
                "maxLength" : 3,
                "minLength" : 1,
                "type" : "string"
              },
              "type" : "object"
            },
            "inMapMustBeLessThanThree" : {
              "additionalProperties" : {
                "maxLength" : 3,
                "type" : "string"
              },
              "type" : "object"
            },
            "inMapMustComplyPattern" : {
              "additionalProperties" : {
                "pattern" : "(a|b)+",
                "type" : "string"
              },
              "type" : "object"
            },
            "mustBeGreaterThanOne" : {
              "minLength" : 1,
              "type" : "string"
            },
            "mustBeGreaterThanOneAndLessThanThree" : {
              "maxLength" : 3,
              "minLength" : 1,
              "type" : "string"
            },
            "mustBeLessThanOne" : {
              "maxLength" : 1,
              "type" : "string"
            }
          },
          "type" : "object"
        }
      },
      "type" : "object"
    },
    "status" : {
      "type" : "object"
    }
  },
  "type" : "object"
}
