# Generated by Fabric8 CRDGenerator, manual edits might get overwritten!
apiVersion: "apiextensions.k8s.io/v1"
kind: "CustomResourceDefinition"
metadata:
  name: "noneconversions.samples.fabric8.io"
spec:
  conversion:
    strategy: "None"
  group: "samples.fabric8.io"
  names:
    kind: "NoneConversion"
    plural: "noneconversions"
    singular: "noneconversion"
  scope: "Cluster"
  versions:
  - name: "v1"
    schema:
      openAPIV3Schema:
        properties:
          spec:
            type: "object"
          status:
            type: "object"
        type: "object"
    served: true
    storage: true
    subresources:
      status: {}
