{
  "properties" : {
    "spec" : {
      "properties" : {
        "v2" : {
          "type" : "string"
        }
      },
      "type" : "object"
    },
    "status" : {
      "type" : "object"
    }
  },
  "type" : "object"
}
