{
  "properties" : {
    "spec" : {
      "type" : "object"
    },
    "status" : {
      "type" : "object"
    }
  },
  "type" : "object"
}
