{
  "properties" : {
    "spec" : {
      "properties" : {
        "onDouble" : {
          "properties" : {
            "maximum1" : {
              "maximum" : 1.0,
              "type" : "number"
            },
            "minimum1" : {
              "minimum" : 1.0,
              "type" : "number"
            },
            "minimum1Maximum3" : {
              "maximum" : 3.0,
              "minimum" : 1.0,
              "type" : "number"
            }
          },
          "type" : "object"
        },
        "onDoublePrim" : {
          "properties" : {
            "maximum1" : {
              "maximum" : 1.0,
              "type" : "number"
            },
            "minimum1" : {
              "minimum" : 1.0,
              "type" : "number"
            },
            "minimum1Maximum3" : {
              "maximum" : 3.0,
              "minimum" : 1.0,
              "type" : "number"
            }
          },
          "type" : "object"
        },
        "onFloat" : {
          "properties" : {
            "maximum1" : {
              "maximum" : 1.0,
              "type" : "number"
            },
            "minimum1" : {
              "minimum" : 1.0,
              "type" : "number"
            },
            "minimum1Maximum3" : {
              "maximum" : 3.0,
              "minimum" : 1.0,
              "type" : "number"
            }
          },
          "type" : "object"
        },
        "onFloatPrim" : {
          "properties" : {
            "maximum1" : {
              "maximum" : 1.0,
              "type" : "number"
            },
            "minimum1" : {
              "minimum" : 1.0,
              "type" : "number"
            },
            "minimum1Maximum3" : {
              "maximum" : 3.0,
              "minimum" : 1.0,
              "type" : "number"
            }
          },
          "type" : "object"
        },
        "onInteger" : {
          "properties" : {
            "maximum1" : {
              "maximum" : 1.0,
              "type" : "integer"
            },
            "minimum1" : {
              "minimum" : 1.0,
              "type" : "integer"
            },
            "minimum1Maximum3" : {
              "maximum" : 3.0,
              "minimum" : 1.0,
              "type" : "integer"
            }
          },
          "type" : "object"
        },
        "onIntegerPrim" : {
          "properties" : {
            "maximum1" : {
              "maximum" : 1.0,
              "type" : "integer"
            },
            "minimum1" : {
              "minimum" : 1.0,
              "type" : "integer"
            },
            "minimum1Maximum3" : {
              "maximum" : 3.0,
              "minimum" : 1.0,
              "type" : "integer"
            }
          },
          "type" : "object"
        },
        "onLong" : {
          "properties" : {
            "maximum1" : {
              "maximum" : 1.0,
              "type" : "integer"
            },
            "minimum1" : {
              "minimum" : 1.0,
              "type" : "integer"
            },
            "minimum1Maximum3" : {
              "maximum" : 3.0,
              "minimum" : 1.0,
              "type" : "integer"
            }
          },
          "type" : "object"
        },
        "onLongPrim" : {
          "properties" : {
            "maximum1" : {
              "maximum" : 1.0,
              "type" : "integer"
            },
            "minimum1" : {
              "minimum" : 1.0,
              "type" : "integer"
            },
            "minimum1Maximum3" : {
              "maximum" : 3.0,
              "minimum" : 1.0,
              "type" : "integer"
            }
          },
          "type" : "object"
        },
        "onString" : {
          "properties" : {
            "pattern" : {
              "pattern" : "(a|b)+",
              "type" : "string"
            }
          },
          "type" : "object"
        }
      },
      "type" : "object"
    },
    "status" : {
      "type" : "object"
    }
  },
  "type" : "object"
}
