# Generated by Fabric8 CRDGenerator, manual edits might get overwritten!
apiVersion: "apiextensions.k8s.io/v1"
kind: "CustomResourceDefinition"
metadata:
  name: "schemafroms.samples.fabric8.io"
spec:
  group: "samples.fabric8.io"
  names:
    kind: "SchemaFrom"
    plural: "schemafroms"
    singular: "schemafrom"
  scope: "Cluster"
  versions:
  - name: "v1alpha1"
    schema:
      openAPIV3Schema:
        properties:
          spec:
            properties:
              foo:
                properties:
                  BAZ:
                    type: "integer"
                required:
                - "BAZ"
                type: "object"
            type: "object"
          status:
            type: "object"
        type: "object"
    served: true
    storage: true
