# Generated by Fabric8 CRDGenerator, manual edits might get overwritten!
apiVersion: "apiextensions.k8s.io/v1"
kind: "CustomResourceDefinition"
metadata:
  name: "deprecationexamples.samples.fabric8.io"
spec:
  group: "samples.fabric8.io"
  names:
    kind: "DeprecationExample"
    plural: "deprecationexamples"
    singular: "deprecationexample"
  scope: "Cluster"
  versions:
  - name: "v2"
    schema:
      openAPIV3Schema:
        properties:
          spec:
            properties:
              v2:
                type: "string"
            type: "object"
          status:
            type: "object"
        type: "object"
    served: true
    storage: true
  - deprecated: true
    name: "v1"
    schema:
      openAPIV3Schema:
        properties:
          spec:
            properties:
              v1:
                type: "string"
            type: "object"
          status:
            type: "object"
        type: "object"
    served: true
    storage: false
  - deprecated: true
    deprecationWarning: "sample.fabric8.io/v1beta1 DeprecationExample is deprecated;\
      \ Migrate to sample.fabric8.io/v2"
    name: "v1beta1"
    schema:
      openAPIV3Schema:
        properties:
          spec:
            type: "object"
          status:
            type: "object"
        type: "object"
    served: true
    storage: false
