# Generated by Fabric8 CRDGenerator, manual edits might get overwritten!
apiVersion: "apiextensions.k8s.io/v1"
kind: "CustomResourceDefinition"
metadata:
  name: "subtypes.samples.fabric8.io"
spec:
  group: "samples.fabric8.io"
  names:
    kind: "SubType"
    plural: "subtypes"
    singular: "subtype"
  scope: "Cluster"
  versions:
  - name: "v1alpha1"
    schema:
      openAPIV3Schema:
        properties:
          spec:
            properties:
              animal:
                anyOf:
                - properties:
                    barkVolume:
                      type: "number"
                    name:
                      type: "string"
                    animalType:
                      enum:
                      - "dog"
                  required:
                  - "animalType"
                  type: "object"
                - properties:
                    lives:
                      type: "integer"
                    name:
                      type: "string"
                    animalType:
                      enum:
                      - "cat"
                  required:
                  - "animalType"
                  type: "object"
            type: "object"
          status:
            type: "object"
        type: "object"
    served: true
    storage: true
