# Generated by Fabric8 CRDGenerator, manual edits might get overwritten!
apiVersion: "apiextensions.k8s.io/v1"
kind: "CustomResourceDefinition"
metadata:
  name: "replicas.samples.fabric8.io"
spec:
  group: "samples.fabric8.io"
  names:
    kind: "Replica"
    plural: "replicas"
    singular: "replica"
  scope: "Cluster"
  versions:
  - name: "v1alpha1"
    schema:
      openAPIV3Schema:
        properties:
          spec:
            properties:
              replicas:
                type: "integer"
            type: "object"
          status:
            properties:
              labelSelector:
                type: "string"
              replicas:
                type: "integer"
            type: "object"
        type: "object"
    served: true
    storage: true
    subresources:
      scale:
        labelSelectorPath: ".status.labelSelector"
        specReplicasPath: ".spec.replicas"
        statusReplicasPath: ".status.replicas"
      status: {}
