# Generated by Fabric8 CRDGenerator, manual edits might get overwritten!
apiVersion: "apiextensions.k8s.io/v1"
kind: "CustomResourceDefinition"
metadata:
  name: "maptypes.samples.fabric8.io"
spec:
  group: "samples.fabric8.io"
  names:
    kind: "MapType"
    plural: "maptypes"
    singular: "maptype"
  scope: "Cluster"
  versions:
  - name: "v1alpha1"
    schema:
      openAPIV3Schema:
        properties:
          spec:
            properties:
              classWithMapTypeAtomic:
                type: "object"
                x-kubernetes-map-type: "atomic"
              classWithMapTypeGranular:
                type: "object"
                x-kubernetes-map-type: "granular"
              mapWithMapTypeAtomic:
                additionalProperties:
                  type: "string"
                type: "object"
                x-kubernetes-map-type: "atomic"
            type: "object"
          status:
            type: "object"
        type: "object"
    served: true
    storage: true
