# Generated by Fabric8 CRDGenerator, manual edits might get overwritten!
apiVersion: "apiextensions.k8s.io/v1"
kind: "CustomResourceDefinition"
metadata:
  name: "printercolumns.samples.fabric8.io"
spec:
  group: "samples.fabric8.io"
  names:
    kind: "PrinterColumn"
    plural: "printercolumns"
    singular: "printercolumn"
  scope: "Cluster"
  versions:
  - additionalPrinterColumns:
    - jsonPath: ".spec.deepLevel1.deepLevel2.fromLevel2"
      name: "fromLevel2"
      priority: 0
      type: "boolean"
    - jsonPath: ".spec.deepLevel1.fromLevel1"
      name: "fromLevel1"
      priority: 0
      type: "integer"
    - jsonPath: ".spec.deepLevel1.name"
      priority: 0
    - jsonPath: ".spec.id"
      name: "id"
      priority: 0
      type: "string"
    name: "v1alpha1"
    schema:
      openAPIV3Schema:
        properties:
          spec:
            properties:
              deepLevel1:
                properties:
                  deepLevel2:
                    properties:
                      fromLevel2:
                        type: "boolean"
                    type: "object"
                  fromLevel1:
                    type: "integer"
                  name:
                    type: "string"
                type: "object"
              id:
                type: "string"
            type: "object"
          status:
            type: "object"
        type: "object"
    served: true
    storage: true
    subresources:
      status: {}
