{
  "properties" : {
    "spec" : {
      "properties" : {
        "replicas" : {
          "type" : "integer"
        }
      },
      "type" : "object"
    },
    "status" : {
      "properties" : {
        "labelSelector" : {
          "type" : "string"
        },
        "replicas" : {
          "type" : "integer"
        }
      },
      "type" : "object"
    }
  },
  "type" : "object"
}
