# Generated by Fabric8 CRDGenerator, manual edits might get overwritten!
apiVersion: "apiextensions.k8s.io/v1"
kind: "CustomResourceDefinition"
metadata:
  name: "externaldocs.samples.fabric8.io"
spec:
  group: "samples.fabric8.io"
  names:
    kind: "ExternalDoc"
    plural: "externaldocs"
    singular: "externaldoc"
  scope: "Cluster"
  versions:
  - name: "v1alpha1"
    schema:
      openAPIV3Schema:
        properties:
          spec:
            properties:
              classWithExternalDocs:
                externalDocs:
                  description: "A description on a class"
                type: "object"
              description:
                externalDocs:
                  description: "A description"
                type: "string"
              noExternalDocs:
                type: "string"
              url:
                externalDocs:
                  url: "https://docs.example.com/message"
                type: "string"
              urlAndDescription:
                externalDocs:
                  description: "A description"
                  url: "https://docs.example.com/message"
                type: "string"
            type: "object"
          status:
            type: "object"
        type: "object"
    served: true
    storage: true
    subresources:
      status: {}
