{
  "properties" : {
    "spec" : {
      "properties" : {
        "deepLevel1" : {
          "properties" : {
            "deepLevel2" : {
              "properties" : {
                "fromLevel2" : {
                  "type" : "boolean"
                }
              },
              "type" : "object"
            },
            "fromLevel1" : {
              "type" : "integer"
            },
            "name" : {
              "type" : "string"
            }
          },
          "type" : "object"
        },
        "id" : {
          "type" : "string"
        }
      },
      "type" : "object"
    },
    "status" : {
      "type" : "object"
    }
  },
  "type" : "object"
}
