# Generated by Fabric8 CRDGenerator, manual edits might get overwritten!
apiVersion: "apiextensions.k8s.io/v1"
kind: "CustomResourceDefinition"
metadata:
  name: "myintermediatehasmetadatainterfaces.sample.fabric8.io"
spec:
  group: "sample.fabric8.io"
  names:
    kind: "MyIntermediateHasMetadataInterface"
    plural: "myintermediatehasmetadatainterfaces"
    singular: "myintermediatehasmetadatainterface"
  scope: "Cluster"
  versions:
  - name: "v1"
    schema:
      openAPIV3Schema:
        type: "object"
    served: true
    storage: true
