# Generated by Fabric8 CRDGenerator, manual edits might get overwritten!
apiVersion: "apiextensions.k8s.io/v1"
kind: "CustomResourceDefinition"
metadata:
  name: "myintermediateabstractcustomresources.sample.fabric8.io"
spec:
  group: "sample.fabric8.io"
  names:
    kind: "MyIntermediateAbstractCustomResource"
    plural: "myintermediateabstractcustomresources"
    singular: "myintermediateabstractcustomresource"
  scope: "Cluster"
  versions:
  - name: "v1"
    schema:
      openAPIV3Schema:
        properties:
          spec:
            type: "object"
          status:
            type: "object"
        type: "object"
    served: true
    storage: true
